# Mapping for converting Danish PAROLE tags (msd) to Penn Treebank Tags (tag)
AC---U=--	CD
ANA---=-R	JJS
ANA[CN][SP]U=DU	JJS
ANC---=-R	JJR
ANC[CN]PU=[DI]U	JJR
ANC[CN]SU=IU	JJR
ANC[CN][SP]G=[DI]U	JJR
ANC[CN][SP]U=[DI]U	JJR
ANP---=-R	JJ
ANPCSU=IU	JJ
ANPCSU=[DI]U	JJ
ANPNSU=IU	JJ
ANPNSU=[DI]U	JJ
ANP[CN]PG=[DI]U	JJ
ANP[CN]PU=[DI]U	JJ
ANP[CN]SG=DU	JJ
ANP[CN]SU=DU	JJ
ANP[CN]SU=IU	JJ
ANP[CN]SU=[DI]U	JJ
ANP[CN][SP]U=[DI]U	JJ
ANS---=-R	JJS
ANS[CN]PU=DU	JJS
ANS[CN]PU=[DI]U	JJS
ANS[CN]SU=DU	JJS
ANS[CN]SU=IU	JJS
ANS[CN][SP]U=DU	JJS
ANS[CN][SP]U=[DI]U	JJS
AO---U=--	JJ
CC	CC
CS	IN
I=	UH
NCCPG==D	NNP
NCCPG==I	NNP
NCCPU==D	NNP
NCCPU==I	NNP
NCCPU==[DI]	NNP
NCCSG==D	NN
NCCSG==I	NN
NCCSU==D	NN
NCCSU==I	NN
NCNPG==D	NNP
NCNPG==I	NNP
NCNPU==D	NNP
NCNPU==I	NNP
NCNSG==D	NN
NCNSG==I	NN
NCNSU==D	NN
NCNSU==I	NN
NC[CN]PU==D	NNP
NC[CN]PU==I	NNP
NC[CN]SU==I	NNS
NC[CN][SP]G==[DI]	NN
NC[CN][SP]U==I	NN
NC[CN][SP]U==[DI]	NN
NP--G==-	NNP
NP--U==-	NNP
PC--PG---	PP
PC--PU---	PP
PD-CSG--U	DT
PD-CSU--U	DT
PD-NSU--U	DT
PD-[CN]PU--U	DT
PD-[CN][SP]U--U	DT
PI-CSG--U	DT
PI-CSU--U	DT
PI-C[SP]N--U	DT
PI-NSU--U	DT
PI-[CN]PG--U	DT
PI-[CN]PU--O	DT
PI-[CN]PU--U	DT
PO1CSUPNF	PRP$
PO1CSUSNU	PRP$
PO1NSUPNF	PRP$
PO1NSUSNU	PRP$
PO1[CN]PUPNF	PRP$
PO1[CN]PUSNU	PRP$
PO1[CN][SP]UPNU	PRP$
PO2CSUSNU	PRP$
PO2NSUSNU	PRP$
PO2[CN]PUSNU	PRP$
PO2[CN][SP]UPNU	PRP$
PO2[CN][SP]U[SP]NP	PRP$
PO3CSUSYU	PRP$
PO3NSUSYU	PRP$
PO3[CN]PUSYU	PRP$
PO3[CN][SP]UPNU	PRP$
PO3[CN][SP]USNU	PRP$
PP1CPN-NU	PRP
PP1CPU-[YN]U	PRP
PP1CSN-NU	PRP
PP1CSU-[YN]U	PRP
PP2CPN-NU	PRP
PP2CPU-[YN]U	PRP
PP2CSN-NU	PRP
PP2CSU-[YN]U	PRP
PP2C[SP]N-NP	PRP
PP2C[SP]U-[YN]P	PRP
PP3CSN-NU	PRP
PP3CSU-NU	PRP
PP3NSU-NU	PRP
PP3[CN]PN-NU	PRP
PP3[CN]PU-NU	PRP
PP3[CN][SP]U-YU	PRP
PT-CSU--U	WDT
PT-C[SP]U--U	WDT
PT-NSU--U	WDT
PT-[CN]PU--U	WDT
PT-[CN]SU--U	WDT
PT-[CN][SP]G--U	WDT
RGA	RP
RGC	RP
RGP	RP
RGS	RP
RGU	RP
SP	IN
U=:at	TO
U=:som	WDT
U=:der	WDT
VADA=----A-	VBD
VADA=----P-	VBD
VADR=----A-	VBD
VADR=----P-	VBD
VAF-=----A-	VB
VAF-=----P-	VB
VAG-=SCI--U	VBG
VAM-=------	VB
VAPA=P[CN][DI]A-G	VBN
VAPA=P[CN][DI]A-U	VBN
VAPA=SCDA-U	VBN
VAPA=S[CN]DA-U	VBN
VAPA=S[CN]IA-U	VBN
VAPA=S[CN]I[ARU]-U	VBN
VAPR=---R--	VBG
VAPR=[SP][CN][DI]A-U	VBG
VAPR=[SP][CN][DI][ARU]-U	VBG
VEDA=----A-	VBD
VEDR=----A-	VBN
VEF-=----A-	VB
VEPA=[SP][CN][DI][ARU]-U	VBD
XA	XA
XF	FW
XP:.	.
XP:-	-
XP:;	;
XP:/	/
XP: - 	-
XP:?	?
XP:!	!
XP:...	...
XP:..	...
XP::	:
XP:,	,
XP:&quot;	'
XP:"	&quot;
XP:(	(
XP:)	)
XP	ERROR
XR	SYM
XS	SYM
XX	FW
